  4.0   ensure: <class-identifier> [instance-name]
  ==> ensure
