we need to create a bucket called org.ziniki.launch_bucket in region us-east-1
