ensuring bucket exists action EnsureBucket[us-east-1:org.ziniki.launch_bucket]
