  5.0   duplicate definition of name
  ==> name <- "fred"
