>This test calls ensure but without any args, which is an error
#^^^^^^^^^^^^^^^^^^^^^^^^^^^^^^^^^^^^^^^^^^^^^^^^^^^^^^^^^^^^^^ source.deployer-dply comment.block
>
>	target shouldHaveAType
#^ source.deployer-dply
# ^^^^^^ source.deployer-dply keyword.target
#       ^^^^^^^^^^^^^^^^^ source.deployer-dply
>		ensure
#^^^^^^^^^ source.deployer-dply
>