  3.0   target: <name>
  ==> target install-on-aws
